2026-08-14T17:24:28.398737+0100 | INFO | main:76 | ============================================================
2026-08-14T17:24:28.400233+0100 | INFO | main:77 |   RecSys Inference API v0.1.0
2026-08-14T17:24:28.400748+0100 | INFO | main:78 |   Environment: development
2026-08-14T17:24:28.400748+0100 | INFO | main:79 | ============================================================
2026-08-14T17:24:28.403124+0100 | INFO | model_loader:215 | ============================================================
2026-08-14T17:24:28.403124+0100 | INFO | model_loader:216 |   LOADING ML ARTIFACTS
2026-08-14T17:24:28.404074+0100 | INFO | model_loader:217 | ============================================================
2026-08-14T17:58:15.754768+0100 | INFO | main:76 | ============================================================
2026-08-14T17:58:15.756951+0100 | INFO | main:77 |   RecSys Inference API v0.1.0
2026-08-14T17:58:15.757995+0100 | INFO | main:78 |   Environment: development
2026-08-14T17:58:15.759030+0100 | INFO | main:79 | ============================================================
2026-08-14T17:58:15.760025+0100 | INFO | model_loader:215 | ============================================================
2026-08-14T17:58:15.761538+0100 | INFO | model_loader:216 |   LOADING ML ARTIFACTS
2026-08-14T17:58:15.761538+0100 | INFO | model_loader:217 | ============================================================
2026-08-17T16:15:36.459692+0100 | INFO | main:76 | ============================================================
2026-08-17T16:15:36.460322+0100 | INFO | main:77 |   RecSys Inference API v0.1.0
2026-08-17T16:15:36.460322+0100 | INFO | main:78 |   Environment: development
2026-08-17T16:15:36.460322+0100 | INFO | main:79 | ============================================================
2026-08-17T16:15:36.460322+0100 | INFO | model_loader:215 | ============================================================
2026-08-17T16:15:36.461329+0100 | INFO | model_loader:216 |   LOADING ML ARTIFACTS
2026-08-17T16:15:36.461329+0100 | INFO | model_loader:217 | ============================================================
